CAST(`FAKE_COL_1` AS INT) AS `FAKE_COL_1`,
CAST(`FAKE_COL_2` AS INT) AS `FAKE_COL_2`,
CAST(from_unixtime(unix_timestamp(`FAKE_COL_3`, 'yyyy-MM-dd')) AS TIMESTAMP) AS `FAKE_COL_3`,
CAST(from_unixtime(unix_timestamp(`FAKE_COL_4`, 'yyyy-MM-dd')) AS TIMESTAMP) AS `FAKE_COL_4`,
CAST(from_unixtime(unix_timestamp(`FAKE_COL_5`, 'yyyy-MM-dd')) AS TIMESTAMP) AS `FAKE_COL_5`,
CAST(`FAKE_COL_6` AS CHAR(35)) AS `FAKE_COL_6`,
CAST(`FAKE_COL_7` AS CHAR(35)) AS `FAKE_COL_7`,
CAST(`FAKE_COL_8` AS CHAR(70)) AS `FAKE_COL_8`,
CAST(`FAKE_COL_9` AS CHAR(35)) AS `FAKE_COL_9`,
CAST(`FAKE_COL_10` AS CHAR(2)) AS `FAKE_COL_10`,
CAST(`FAKE_COL_11` AS CHAR(9)) AS `FAKE_COL_11`,
CAST(`FAKE_COL_12` AS CHAR(50)) AS `FAKE_COL_12`,
CAST(`FAKE_COL_13` AS CHAR(12)) AS `FAKE_COL_13`,
CAST(`FAKE_COL_14` AS CHAR(65)) AS `FAKE_COL_14`,
CAST(`FAKE_COL_15` AS CHAR(2)) AS `FAKE_COL_15`,
CAST(`FAKE_COL_16` AS SMALLINT) AS `FAKE_COL_16`,
CAST(`FAKE_COL_17` AS CHAR(1)) AS `FAKE_COL_17`,
CAST(`FAKE_COL_18` AS CHAR(1)) AS `FAKE_COL_18`,
CAST(`FAKE_COL_19` AS CHAR(1)) AS `FAKE_COL_19`,
CAST(`FAKE_COL_20` AS CHAR(1)) AS `FAKE_COL_20`,
CAST(`FAKE_COL_21` AS CHAR(2)) AS `FAKE_COL_21`,
CAST(`FAKE_COL_22` AS INT) AS `FAKE_COL_22`,
CAST(`FAKE_COL_23` AS DECIMAL(10,2)) AS `FAKE_COL_23`,
CAST(`FAKE_COL_24` AS INT) AS `FAKE_COL_24`,
CAST(`FAKE_COL_25` AS CHAR(9)) AS `FAKE_COL_25`,
CAST(`FAKE_COL_26` AS CHAR(1)) AS `FAKE_COL_26`,
CAST(from_unixtime(unix_timestamp(`FAKE_COL_27`, 'yyyy-MM-dd')) AS TIMESTAMP) AS `FAKE_COL_27`,
CAST(`FAKE_COL_28` AS SMALLINT) AS `FAKE_COL_28`,
CAST(`FAKE_COL_29` AS CHAR(3)) AS `FAKE_COL_29`,
CAST(`FAKE_COL_30` AS CHAR(3)) AS `FAKE_COL_30`,
CAST(`FAKE_COL_31` AS CHAR(8)) AS `FAKE_COL_31`,
CAST(`FAKE_COL_32` AS TIMESTAMP) AS `FAKE_COL_32`,
CAST(`FAKE_COL_33` AS CHAR(3)) AS `FAKE_COL_33`,
CAST(`FAKE_COL_34` AS CHAR(1)) AS `FAKE_COL_34`,
CAST(`FAKE_COL_35` AS CHAR(1)) AS `FAKE_COL_35`,
CAST(`FAKE_COL_36` AS CHAR(4)) AS `FAKE_COL_36`,
CAST(`FAKE_COL_37` AS CHAR(2)) AS `FAKE_COL_37`,
CAST(`FAKE_COL_38` AS CHAR(2)) AS `FAKE_COL_38`,
'2016-01-01 16:47:56' AS `ingest_timestamp`
