`FAKE_COL_1` INT,
`FAKE_COL_2` INT,
`FAKE_COL_3` TIMESTAMP,
`FAKE_COL_4` TIMESTAMP,
`FAKE_COL_5` TIMESTAMP,
`FAKE_COL_6` CHAR(35),
`FAKE_COL_7` CHAR(35),
`FAKE_COL_8` CHAR(70),
`FAKE_COL_9` CHAR(35),
`FAKE_COL_10` CHAR(2),
`FAKE_COL_11` CHAR(9),
`FAKE_COL_12` CHAR(50),
`FAKE_COL_13` CHAR(12),
`FAKE_COL_14` CHAR(65),
`FAKE_COL_15` CHAR(2),
`FAKE_COL_16` SMALLINT,
`FAKE_COL_17` CHAR(1),
`FAKE_COL_18` CHAR(1),
`FAKE_COL_19` CHAR(1),
`FAKE_COL_20` CHAR(1),
`FAKE_COL_21` CHAR(2),
`FAKE_COL_22` INT,
`FAKE_COL_23` DECIMAL(10,2),
`FAKE_COL_24` INT,
`FAKE_COL_25` CHAR(9),
`FAKE_COL_26` CHAR(1),
`FAKE_COL_27` TIMESTAMP,
`FAKE_COL_28` SMALLINT,
`FAKE_COL_29` CHAR(3),
`FAKE_COL_30` CHAR(3),
`FAKE_COL_31` CHAR(8),
`FAKE_COL_32` TIMESTAMP,
`FAKE_COL_33` CHAR(3),
`FAKE_COL_34` CHAR(1),
`FAKE_COL_35` CHAR(1),
`FAKE_COL_36` CHAR(4),
`FAKE_COL_37` CHAR(2),
`FAKE_COL_38` CHAR(2)