 `FAKE_COL_1` DECIMAL(38,0),
 `FAKE_COL_2` DECIMAL(22,0),
 `FAKE_COL_3` DECIMAL(38,0),
 `FAKE_COL_4` TIMESTAMP,
 `FAKE_COL_5` TIMESTAMP,
 `FAKE_COL_6` CHAR(1),
 `FAKE_COL_7` TIMESTAMP,
 `FAKE_COL_8` VARCHAR(15),
 `FAKE_COL_9` VARCHAR(15),
 `FAKE_COL_10` VARCHAR(15),
 `FAKE_COL_11` VARCHAR(15),
 `FAKE_COL_12` STRING,
 `FAKE_COL_13` STRING,
 `FAKE_COL_14` TIMESTAMP,
 `FAKE_COL_15` TIMESTAMP,
 `FAKE_COL_16` STRING,
 `FAKE_COL_17` STRING,
 `FAKE_COL_18` STRING,
 `FAKE_COL_19` STRING,
 `FAKE_COL_20` STRING,
 `FAKE_COL_21` FLOAT,
 `FAKE_COL_22` STRING,
 `FAKE_COL_23` STRING,
 `FAKE_COL_24` TIMESTAMP,
 `FAKE_COL_25` TIMESTAMP
