mock_domain fake_database_mock_table
pharmacy fake_database_mock_table
benefits fake_database_mock_table