    <action cred="hive2" name="avro_parquet">
        <hive2 xmlns="uri:oozie:hive2-action:0.1">
            <jdbc-url>${hive2_jdbc_url}</jdbc-url>
            <script>${nameNode}/user/data/{target_dir}/gen/parquet_live.hql</script>
        </hive2>
        <ok to="parquet_swap"/>
        <error to="kill"/>
    </action>